../Core/Src/main.c:98:5:main	56	static
../Core/Src/main.c:189:6:SystemClock_Config	120	static
../Core/Src/main.c:249:13:MX_ADC3_Init	48	static
../Core/Src/main.c:312:13:MX_ETH_Init	8	static
../Core/Src/main.c:362:13:MX_USART3_UART_Init	16	static
../Core/Src/main.c:410:13:MX_USB_OTG_HS_USB_Init	4	static
../Core/Src/main.c:431:13:MX_GPIO_Init	56	static
../Core/Src/main.c:508:6:TransmitPacket	88	static
../Core/Src/main.c:536:5:_write	24	static
../Core/Src/main.c:540:6:ReadChunk	40	static
../Core/Src/main.c:575:6:Error_Handler	4	static,ignoring_inline_asm
